http://dfat.gov.au/about-us/publications/historical-documents/volume-22/Pages/001-message-from-attlee-to-menzies.aspx
http://dfat.gov.au/about-us/publications/historical-documents/volume-22/Pages/default.aspx
147 Joint Statement by Australia New    Zealand Businessmens Council Limited
http://dfat.gov.au/about-us/publications/historical-documents/volume-25/Pages/default.aspx
http://dfat.gov.au/about-us/publications/historical-documents/volume-26/Pages/default.aspx
http://dfat.gov.au/about-us/publications/historical-documents/volume-27/Pages/001-note-of-meeting-of-prime-ministers.aspx
http://dfat.gov.au/about-us/publications/historical-documents/volume-27/Pages/002-memorandum-by-australian-government-on-satellite.aspx
http://dfat.gov.au/about-us/publications/historical-documents/volume-27/Pages/default.aspx
4 Cablegram from Australian Delegation United Nations to Department of External Affairs
40 Savingram from Department of External Affairs to High Commission in London
